2026-08-26 14:36:13.151: [INFO] CurrentProfilePath: C:\Users\ilyas\eclipse-workspace\.metadata\.plugins\org.eclipse.swt\EBWebView\Default
2026-08-26 14:36:13.151: [INFO] Profiles total count: 1
2026-08-26 14:36:13.151: [INFO] Profile: name=Profile 1 path=C:\Users\ilyas\eclipse-workspace\.metadata\.plugins\org.eclipse.swt\EBWebView\Default lastActive=null
2026-08-26 14:36:13.151: [INFO] LastUsedProfileDir: C:\Users\ilyas\eclipse-workspace\.metadata\.plugins\org.eclipse.swt\EBWebView\Default
2026-08-26 14:36:13.151: [INFO] OnDoneLoading sync enabled: 0
2026-08-26 14:36:13.151: [INFO] BookmarkModelLoaded, ids_reassigned: 0
2026-08-26 14:36:13.151: [INFO] BookmarksLoadDropped droppedNodes=0
2026-08-26 14:36:13.151: [INFO] BookmarksSnapshot Startup total=0 bar=0 other=0 mobile=0 showBar=0 showBarNTP=1
2026-08-26 14:36:24.033: [INFO] BookmarksSnapshot Shutdown total=0 bar=0 other=0 mobile=0 showBar=0 showBarNTP=1
2026-08-26 14:36:25.253: [INFO] CurrentProfilePath: C:\Users\ilyas\eclipse-workspace\.metadata\.plugins\org.eclipse.swt\EBWebView\Default
2026-08-26 14:36:25.253: [INFO] Profiles total count: 1
2026-08-26 14:36:25.254: [INFO] Profile: name=Profile 1 path=C:\Users\ilyas\eclipse-workspace\.metadata\.plugins\org.eclipse.swt\EBWebView\Default lastActive=2026-08-26T14:36:13.826Z
2026-08-26 14:36:25.254: [INFO] LastUsedProfileDir: C:\Users\ilyas\eclipse-workspace\.metadata\.plugins\org.eclipse.swt\EBWebView\Default
2026-08-26 14:36:25.254: [INFO] MostRecentlyActiveProfile: name=Profile 1 path=C:\Users\ilyas\eclipse-workspace\.metadata\.plugins\org.eclipse.swt\EBWebView\Default lastActive=2026-08-26T14:36:13.826Z
2026-08-26 14:36:25.254: [INFO] OnDoneLoading sync enabled: 0
2026-08-26 14:36:25.254: [INFO] BookmarkModelLoaded, ids_reassigned: 0
2026-08-26 14:36:25.254: [INFO] BookmarksLoadDropped droppedNodes=0
2026-08-26 14:36:25.254: [INFO] BookmarksSnapshot Startup total=0 bar=0 other=0 mobile=0 showBar=0 showBarNTP=1
2026-08-26 16:42:03.524: [INFO] BookmarksSnapshot Shutdown total=0 bar=0 other=0 mobile=0 showBar=0 showBarNTP=1
2026-08-26 16:42:41.149: [INFO] CurrentProfilePath: C:\Users\ilyas\eclipse-workspace\.metadata\.plugins\org.eclipse.swt\EBWebView\Default
2026-08-26 16:42:41.149: [INFO] Profiles total count: 1
2026-08-26 16:42:41.150: [INFO] Profile: name=Profile 1 path=C:\Users\ilyas\eclipse-workspace\.metadata\.plugins\org.eclipse.swt\EBWebView\Default lastActive=2026-08-26T16:41:23.806Z
2026-08-26 16:42:41.150: [INFO] LastUsedProfileDir: C:\Users\ilyas\eclipse-workspace\.metadata\.plugins\org.eclipse.swt\EBWebView\Default
2026-08-26 16:42:41.150: [INFO] MostRecentlyActiveProfile: name=Profile 1 path=C:\Users\ilyas\eclipse-workspace\.metadata\.plugins\org.eclipse.swt\EBWebView\Default lastActive=2026-08-26T16:41:23.806Z
2026-08-26 16:42:41.150: [INFO] OnDoneLoading sync enabled: 0
2026-08-26 16:42:41.150: [INFO] BookmarkModelLoaded, ids_reassigned: 0
2026-08-26 16:42:41.150: [INFO] BookmarksLoadDropped droppedNodes=0
2026-08-26 16:42:41.151: [INFO] BookmarksSnapshot Startup total=0 bar=0 other=0 mobile=0 showBar=0 showBarNTP=1
2026-08-26 16:44:26.382: [INFO] BookmarksSnapshot Shutdown total=0 bar=0 other=0 mobile=0 showBar=0 showBarNTP=1
2026-09-01 19:07:37.213: [INFO] CurrentProfilePath: C:\Users\ilyas\eclipse-workspace\.metadata\.plugins\org.eclipse.swt\EBWebView\Default
2026-09-01 19:07:37.213: [INFO] Profiles total count: 1
2026-09-01 19:07:37.213: [INFO] Profile: name=Profile 1 path=C:\Users\ilyas\eclipse-workspace\.metadata\.plugins\org.eclipse.swt\EBWebView\Default lastActive=2026-08-26T16:42:55.527Z
2026-09-01 19:07:37.213: [INFO] LastUsedProfileDir: C:\Users\ilyas\eclipse-workspace\.metadata\.plugins\org.eclipse.swt\EBWebView\Default
2026-09-01 19:07:37.213: [INFO] MostRecentlyActiveProfile: name=Profile 1 path=C:\Users\ilyas\eclipse-workspace\.metadata\.plugins\org.eclipse.swt\EBWebView\Default lastActive=2026-08-26T16:42:55.527Z
2026-09-01 19:07:37.213: [INFO] OnDoneLoading sync enabled: 0
2026-09-01 19:07:37.213: [INFO] BookmarkModelLoaded, ids_reassigned: 0
2026-09-01 19:07:37.213: [INFO] BookmarksLoadDropped droppedNodes=0
2026-09-01 19:07:37.213: [INFO] BookmarksSnapshot Startup total=0 bar=0 other=0 mobile=0 showBar=0 showBarNTP=1
2026-09-01 20:37:06.069: [INFO] BookmarksSnapshot Shutdown total=0 bar=0 other=0 mobile=0 showBar=0 showBarNTP=1
2026-09-02 02:43:29.476: [INFO] CurrentProfilePath: C:\Users\ilyas\eclipse-workspace\.metadata\.plugins\org.eclipse.swt\EBWebView\Default
2026-09-02 02:43:29.476: [INFO] Profiles total count: 1
2026-09-02 02:43:29.476: [INFO] Profile: name=Profile 1 path=C:\Users\ilyas\eclipse-workspace\.metadata\.plugins\org.eclipse.swt\EBWebView\Default lastActive=2026-09-01T19:10:03.147Z
2026-09-02 02:43:29.476: [INFO] LastUsedProfileDir: C:\Users\ilyas\eclipse-workspace\.metadata\.plugins\org.eclipse.swt\EBWebView\Default
2026-09-02 02:43:29.476: [INFO] MostRecentlyActiveProfile: name=Profile 1 path=C:\Users\ilyas\eclipse-workspace\.metadata\.plugins\org.eclipse.swt\EBWebView\Default lastActive=2026-09-01T19:10:03.147Z
2026-09-02 02:43:29.476: [INFO] OnDoneLoading sync enabled: 0
2026-09-02 02:43:29.476: [INFO] BookmarkModelLoaded, ids_reassigned: 0
2026-09-02 02:43:29.476: [INFO] BookmarksLoadDropped droppedNodes=0
2026-09-02 02:43:29.476: [INFO] BookmarksSnapshot Startup total=0 bar=0 other=0 mobile=0 showBar=0 showBarNTP=1
2026-09-02 02:49:20.149: [INFO] BookmarksSnapshot Shutdown total=0 bar=0 other=0 mobile=0 showBar=0 showBarNTP=1
2026-09-02 02:49:45.028: [INFO] CurrentProfilePath: C:\Users\ilyas\eclipse-workspace\.metadata\.plugins\org.eclipse.swt\EBWebView\Default
2026-09-02 02:49:45.028: [INFO] Profiles total count: 1
2026-09-02 02:49:45.028: [INFO] Profile: name=Profile 1 path=C:\Users\ilyas\eclipse-workspace\.metadata\.plugins\org.eclipse.swt\EBWebView\Default lastActive=2026-09-02T02:43:37.497Z
2026-09-02 02:49:45.028: [INFO] LastUsedProfileDir: C:\Users\ilyas\eclipse-workspace\.metadata\.plugins\org.eclipse.swt\EBWebView\Default
2026-09-02 02:49:45.028: [INFO] MostRecentlyActiveProfile: name=Profile 1 path=C:\Users\ilyas\eclipse-workspace\.metadata\.plugins\org.eclipse.swt\EBWebView\Default lastActive=2026-09-02T02:43:37.497Z
2026-09-02 02:49:45.028: [INFO] OnDoneLoading sync enabled: 0
2026-09-02 02:49:45.028: [INFO] BookmarkModelLoaded, ids_reassigned: 0
2026-09-02 02:49:45.028: [INFO] BookmarksLoadDropped droppedNodes=0
2026-09-02 02:49:45.028: [INFO] BookmarksSnapshot Startup total=0 bar=0 other=0 mobile=0 showBar=0 showBarNTP=1
2026-09-05 17:13:15.507: [INFO] CurrentProfilePath: C:\Users\ilyas\eclipse-workspace\.metadata\.plugins\org.eclipse.swt\EBWebView\Default
2026-09-05 17:13:15.507: [INFO] Profiles total count: 1
2026-09-05 17:13:15.507: [INFO] Profile: name=Profile 1 path=C:\Users\ilyas\eclipse-workspace\.metadata\.plugins\org.eclipse.swt\EBWebView\Default lastActive=2026-09-02T02:55:45.242Z
2026-09-05 17:13:15.507: [INFO] LastUsedProfileDir: C:\Users\ilyas\eclipse-workspace\.metadata\.plugins\org.eclipse.swt\EBWebView\Default
2026-09-05 17:13:15.507: [INFO] MostRecentlyActiveProfile: name=Profile 1 path=C:\Users\ilyas\eclipse-workspace\.metadata\.plugins\org.eclipse.swt\EBWebView\Default lastActive=2026-09-02T02:55:45.242Z
2026-09-05 17:13:15.507: [INFO] OnDoneLoading sync enabled: 0
2026-09-05 17:13:15.507: [INFO] BookmarkModelLoaded, ids_reassigned: 0
2026-09-05 17:13:15.507: [INFO] BookmarksLoadDropped droppedNodes=0
2026-09-05 17:13:15.507: [INFO] BookmarksSnapshot Startup total=0 bar=0 other=0 mobile=0 showBar=0 showBarNTP=1
2026-09-05 18:03:09.540: [INFO] BookmarksSnapshot Shutdown total=0 bar=0 other=0 mobile=0 showBar=0 showBarNTP=1
2026-09-08 18:14:23.439: [INFO] CurrentProfilePath: C:\Users\ilyas\eclipse-workspace\.metadata\.plugins\org.eclipse.swt\EBWebView\Default
2026-09-08 18:14:23.439: [INFO] Profiles total count: 1
2026-09-08 18:14:23.439: [INFO] Profile: name=Profile 1 path=C:\Users\ilyas\eclipse-workspace\.metadata\.plugins\org.eclipse.swt\EBWebView\Default lastActive=2026-09-05T17:14:25.127Z
2026-09-08 18:14:23.439: [INFO] LastUsedProfileDir: C:\Users\ilyas\eclipse-workspace\.metadata\.plugins\org.eclipse.swt\EBWebView\Default
2026-09-08 18:14:23.439: [INFO] MostRecentlyActiveProfile: name=Profile 1 path=C:\Users\ilyas\eclipse-workspace\.metadata\.plugins\org.eclipse.swt\EBWebView\Default lastActive=2026-09-05T17:14:25.127Z
2026-09-08 18:14:23.439: [INFO] OnDoneLoading sync enabled: 0
2026-09-08 18:14:23.439: [INFO] BookmarkModelLoaded, ids_reassigned: 0
2026-09-08 18:14:23.439: [INFO] BookmarksLoadDropped droppedNodes=0
2026-09-08 18:14:23.439: [INFO] BookmarksSnapshot Startup total=0 bar=0 other=0 mobile=0 showBar=0 showBarNTP=1
2026-09-08 19:29:49.480: [INFO] BookmarksSnapshot Shutdown total=0 bar=0 other=0 mobile=0 showBar=0 showBarNTP=1
2026-09-11 00:38:33.258: [INFO] CurrentProfilePath: C:\Users\ilyas\eclipse-workspace\.metadata\.plugins\org.eclipse.swt\EBWebView\Default
2026-09-11 00:38:33.258: [INFO] Profiles total count: 1
2026-09-11 00:38:33.258: [INFO] Profile: name=Profile 1 path=C:\Users\ilyas\eclipse-workspace\.metadata\.plugins\org.eclipse.swt\EBWebView\Default lastActive=2026-09-08T19:29:46.638Z
2026-09-11 00:38:33.258: [INFO] LastUsedProfileDir: C:\Users\ilyas\eclipse-workspace\.metadata\.plugins\org.eclipse.swt\EBWebView\Default
2026-09-11 00:38:33.258: [INFO] MostRecentlyActiveProfile: name=Profile 1 path=C:\Users\ilyas\eclipse-workspace\.metadata\.plugins\org.eclipse.swt\EBWebView\Default lastActive=2026-09-08T19:29:46.638Z
2026-09-11 00:38:33.258: [INFO] OnDoneLoading sync enabled: 0
2026-09-11 00:38:33.258: [INFO] BookmarkModelLoaded, ids_reassigned: 0
2026-09-11 00:38:33.258: [INFO] BookmarksLoadDropped droppedNodes=0
2026-09-11 00:38:33.258: [INFO] BookmarksSnapshot Startup total=0 bar=0 other=0 mobile=0 showBar=0 showBarNTP=1
2026-09-11 00:44:22.186: [INFO] BookmarksSnapshot Shutdown total=0 bar=0 other=0 mobile=0 showBar=0 showBarNTP=1
2026-09-11 00:44:48.494: [INFO] CurrentProfilePath: C:\Users\ilyas\eclipse-workspace\.metadata\.plugins\org.eclipse.swt\EBWebView\Default
2026-09-11 00:44:48.494: [INFO] Profiles total count: 1
2026-09-11 00:44:48.494: [INFO] Profile: name=Profile 1 path=C:\Users\ilyas\eclipse-workspace\.metadata\.plugins\org.eclipse.swt\EBWebView\Default lastActive=2026-09-11T00:44:21.000Z
2026-09-11 00:44:48.494: [INFO] LastUsedProfileDir: C:\Users\ilyas\eclipse-workspace\.metadata\.plugins\org.eclipse.swt\EBWebView\Default
2026-09-11 00:44:48.494: [INFO] MostRecentlyActiveProfile: name=Profile 1 path=C:\Users\ilyas\eclipse-workspace\.metadata\.plugins\org.eclipse.swt\EBWebView\Default lastActive=2026-09-11T00:44:21.000Z
2026-09-11 00:44:48.494: [INFO] OnDoneLoading sync enabled: 0
2026-09-11 00:44:48.494: [INFO] BookmarkModelLoaded, ids_reassigned: 0
2026-09-11 00:44:48.494: [INFO] BookmarksLoadDropped droppedNodes=0
2026-09-11 00:44:48.494: [INFO] BookmarksSnapshot Startup total=0 bar=0 other=0 mobile=0 showBar=0 showBarNTP=1
2026-09-11 00:45:07.175: [INFO] BookmarksSnapshot Shutdown total=0 bar=0 other=0 mobile=0 showBar=0 showBarNTP=1
2026-09-11 01:09:12.222: [INFO] CurrentProfilePath: C:\Users\ilyas\eclipse-workspace\.metadata\.plugins\org.eclipse.swt\EBWebView\Default
2026-09-11 01:09:12.222: [INFO] Profiles total count: 1
2026-09-11 01:09:12.222: [INFO] Profile: name=Profile 1 path=C:\Users\ilyas\eclipse-workspace\.metadata\.plugins\org.eclipse.swt\EBWebView\Default lastActive=2026-09-11T00:44:21.000Z
2026-09-11 01:09:12.222: [INFO] LastUsedProfileDir: C:\Users\ilyas\eclipse-workspace\.metadata\.plugins\org.eclipse.swt\EBWebView\Default
2026-09-11 01:09:12.222: [INFO] MostRecentlyActiveProfile: name=Profile 1 path=C:\Users\ilyas\eclipse-workspace\.metadata\.plugins\org.eclipse.swt\EBWebView\Default lastActive=2026-09-11T00:44:21.000Z
2026-09-11 01:09:12.222: [INFO] OnDoneLoading sync enabled: 0
2026-09-11 01:09:12.222: [INFO] BookmarkModelLoaded, ids_reassigned: 0
2026-09-11 01:09:12.222: [INFO] BookmarksLoadDropped droppedNodes=0
2026-09-11 01:09:12.222: [INFO] BookmarksSnapshot Startup total=0 bar=0 other=0 mobile=0 showBar=0 showBarNTP=1
2026-09-11 01:09:34.815: [INFO] BookmarksSnapshot Shutdown total=0 bar=0 other=0 mobile=0 showBar=0 showBarNTP=1
2026-09-11 01:10:25.922: [INFO] CurrentProfilePath: C:\Users\ilyas\eclipse-workspace\.metadata\.plugins\org.eclipse.swt\EBWebView\Default
2026-09-11 01:10:25.922: [INFO] Profiles total count: 1
2026-09-11 01:10:25.922: [INFO] Profile: name=Profile 1 path=C:\Users\ilyas\eclipse-workspace\.metadata\.plugins\org.eclipse.swt\EBWebView\Default lastActive=2026-09-11T00:44:21.000Z
2026-09-11 01:10:25.922: [INFO] LastUsedProfileDir: C:\Users\ilyas\eclipse-workspace\.metadata\.plugins\org.eclipse.swt\EBWebView\Default
2026-09-11 01:10:25.922: [INFO] MostRecentlyActiveProfile: name=Profile 1 path=C:\Users\ilyas\eclipse-workspace\.metadata\.plugins\org.eclipse.swt\EBWebView\Default lastActive=2026-09-11T00:44:21.000Z
2026-09-11 01:10:25.922: [INFO] OnDoneLoading sync enabled: 0
2026-09-11 01:10:25.922: [INFO] BookmarkModelLoaded, ids_reassigned: 0
2026-09-11 01:10:25.922: [INFO] BookmarksLoadDropped droppedNodes=0
2026-09-11 01:10:25.922: [INFO] BookmarksSnapshot Startup total=0 bar=0 other=0 mobile=0 showBar=0 showBarNTP=1
2026-09-11 01:10:44.879: [INFO] BookmarksSnapshot Shutdown total=0 bar=0 other=0 mobile=0 showBar=0 showBarNTP=1
2026-09-11 01:12:14.778: [INFO] CurrentProfilePath: C:\Users\ilyas\eclipse-workspace\.metadata\.plugins\org.eclipse.swt\EBWebView\Default
2026-09-11 01:12:14.778: [INFO] Profiles total count: 1
2026-09-11 01:12:14.778: [INFO] Profile: name=Profile 1 path=C:\Users\ilyas\eclipse-workspace\.metadata\.plugins\org.eclipse.swt\EBWebView\Default lastActive=2026-09-11T00:44:21.000Z
2026-09-11 01:12:14.778: [INFO] LastUsedProfileDir: C:\Users\ilyas\eclipse-workspace\.metadata\.plugins\org.eclipse.swt\EBWebView\Default
2026-09-11 01:12:14.778: [INFO] MostRecentlyActiveProfile: name=Profile 1 path=C:\Users\ilyas\eclipse-workspace\.metadata\.plugins\org.eclipse.swt\EBWebView\Default lastActive=2026-09-11T00:44:21.000Z
2026-09-11 01:12:14.778: [INFO] OnDoneLoading sync enabled: 0
2026-09-11 01:12:14.778: [INFO] BookmarkModelLoaded, ids_reassigned: 0
2026-09-11 01:12:14.778: [INFO] BookmarksLoadDropped droppedNodes=0
2026-09-11 01:12:14.778: [INFO] BookmarksSnapshot Startup total=0 bar=0 other=0 mobile=0 showBar=0 showBarNTP=1
2026-09-11 01:12:24.847: [INFO] BookmarksSnapshot Shutdown total=0 bar=0 other=0 mobile=0 showBar=0 showBarNTP=1
2026-09-11 01:13:28.853: [INFO] CurrentProfilePath: C:\Users\ilyas\eclipse-workspace\.metadata\.plugins\org.eclipse.swt\EBWebView\Default
2026-09-11 01:13:28.853: [INFO] Profiles total count: 1
2026-09-11 01:13:28.853: [INFO] Profile: name=Profile 1 path=C:\Users\ilyas\eclipse-workspace\.metadata\.plugins\org.eclipse.swt\EBWebView\Default lastActive=2026-09-11T00:44:21.000Z
2026-09-11 01:13:28.853: [INFO] LastUsedProfileDir: C:\Users\ilyas\eclipse-workspace\.metadata\.plugins\org.eclipse.swt\EBWebView\Default
2026-09-11 01:13:28.853: [INFO] MostRecentlyActiveProfile: name=Profile 1 path=C:\Users\ilyas\eclipse-workspace\.metadata\.plugins\org.eclipse.swt\EBWebView\Default lastActive=2026-09-11T00:44:21.000Z
2026-09-11 01:13:28.853: [INFO] OnDoneLoading sync enabled: 0
2026-09-11 01:13:28.853: [INFO] BookmarkModelLoaded, ids_reassigned: 0
2026-09-11 01:13:28.853: [INFO] BookmarksLoadDropped droppedNodes=0
2026-09-11 01:13:28.853: [INFO] BookmarksSnapshot Startup total=0 bar=0 other=0 mobile=0 showBar=0 showBarNTP=1
2026-09-11 01:24:19.743: [INFO] BookmarksSnapshot Shutdown total=0 bar=0 other=0 mobile=0 showBar=0 showBarNTP=1
2026-09-11 01:24:42.762: [INFO] CurrentProfilePath: C:\Users\ilyas\eclipse-workspace\.metadata\.plugins\org.eclipse.swt\EBWebView\Default
2026-09-11 01:24:42.762: [INFO] Profiles total count: 1
2026-09-11 01:24:42.762: [INFO] Profile: name=Profile 1 path=C:\Users\ilyas\eclipse-workspace\.metadata\.plugins\org.eclipse.swt\EBWebView\Default lastActive=2026-09-11T00:44:21.000Z
2026-09-11 01:24:42.762: [INFO] LastUsedProfileDir: C:\Users\ilyas\eclipse-workspace\.metadata\.plugins\org.eclipse.swt\EBWebView\Default
2026-09-11 01:24:42.762: [INFO] MostRecentlyActiveProfile: name=Profile 1 path=C:\Users\ilyas\eclipse-workspace\.metadata\.plugins\org.eclipse.swt\EBWebView\Default lastActive=2026-09-11T00:44:21.000Z
2026-09-11 01:24:42.762: [INFO] OnDoneLoading sync enabled: 0
2026-09-11 01:24:42.762: [INFO] BookmarkModelLoaded, ids_reassigned: 0
2026-09-11 01:24:42.762: [INFO] BookmarksLoadDropped droppedNodes=0
2026-09-11 01:24:42.762: [INFO] BookmarksSnapshot Startup total=0 bar=0 other=0 mobile=0 showBar=0 showBarNTP=1
2026-09-11 01:24:50.053: [INFO] BookmarksSnapshot Shutdown total=0 bar=0 other=0 mobile=0 showBar=0 showBarNTP=1
2026-09-11 01:41:21.805: [INFO] CurrentProfilePath: C:\Users\ilyas\eclipse-workspace\.metadata\.plugins\org.eclipse.swt\EBWebView\Default
2026-09-11 01:41:21.805: [INFO] Profiles total count: 1
2026-09-11 01:41:21.805: [INFO] Profile: name=Profile 1 path=C:\Users\ilyas\eclipse-workspace\.metadata\.plugins\org.eclipse.swt\EBWebView\Default lastActive=2026-09-11T01:24:49.196Z
2026-09-11 01:41:21.805: [INFO] LastUsedProfileDir: C:\Users\ilyas\eclipse-workspace\.metadata\.plugins\org.eclipse.swt\EBWebView\Default
2026-09-11 01:41:21.805: [INFO] MostRecentlyActiveProfile: name=Profile 1 path=C:\Users\ilyas\eclipse-workspace\.metadata\.plugins\org.eclipse.swt\EBWebView\Default lastActive=2026-09-11T01:24:49.196Z
2026-09-11 01:41:21.805: [INFO] OnDoneLoading sync enabled: 0
2026-09-11 01:41:21.805: [INFO] BookmarkModelLoaded, ids_reassigned: 0
2026-09-11 01:41:21.805: [INFO] BookmarksLoadDropped droppedNodes=0
2026-09-11 01:41:21.805: [INFO] BookmarksSnapshot Startup total=0 bar=0 other=0 mobile=0 showBar=0 showBarNTP=1
2026-09-11 01:47:17.201: [INFO] BookmarksSnapshot Shutdown total=0 bar=0 other=0 mobile=0 showBar=0 showBarNTP=1
2026-09-17 19:31:01.683: [INFO] CurrentProfilePath: C:\Users\ilyas\eclipse-workspace\.metadata\.plugins\org.eclipse.swt\EBWebView\Default
2026-09-17 19:31:01.683: [INFO] Profiles total count: 1
2026-09-17 19:31:01.683: [INFO] Profile: name=Profile 1 path=C:\Users\ilyas\eclipse-workspace\.metadata\.plugins\org.eclipse.swt\EBWebView\Default lastActive=2026-09-11T01:24:49.196Z
2026-09-17 19:31:01.683: [INFO] LastUsedProfileDir: C:\Users\ilyas\eclipse-workspace\.metadata\.plugins\org.eclipse.swt\EBWebView\Default
2026-09-17 19:31:01.683: [INFO] MostRecentlyActiveProfile: name=Profile 1 path=C:\Users\ilyas\eclipse-workspace\.metadata\.plugins\org.eclipse.swt\EBWebView\Default lastActive=2026-09-11T01:24:49.196Z
2026-09-17 19:31:01.683: [INFO] OnDoneLoading sync enabled: 0
2026-09-17 19:31:01.683: [INFO] BookmarkModelLoaded, ids_reassigned: 0
2026-09-17 19:31:01.683: [INFO] BookmarksLoadDropped droppedNodes=0
2026-09-17 19:31:01.683: [INFO] BookmarksSnapshot Startup total=0 bar=0 other=0 mobile=0 showBar=0 showBarNTP=1
2026-09-17 19:31:49.442: [INFO] BookmarksSnapshot Shutdown total=0 bar=0 other=0 mobile=0 showBar=0 showBarNTP=1
2026-09-17 19:41:02.602: [INFO] CurrentProfilePath: C:\Users\ilyas\eclipse-workspace\.metadata\.plugins\org.eclipse.swt\EBWebView\Default
2026-09-17 19:41:02.602: [INFO] Profiles total count: 1
2026-09-17 19:41:02.602: [INFO] Profile: name=Profile 1 path=C:\Users\ilyas\eclipse-workspace\.metadata\.plugins\org.eclipse.swt\EBWebView\Default lastActive=2026-09-17T19:31:47.029Z
2026-09-17 19:41:02.602: [INFO] LastUsedProfileDir: C:\Users\ilyas\eclipse-workspace\.metadata\.plugins\org.eclipse.swt\EBWebView\Default
2026-09-17 19:41:02.602: [INFO] MostRecentlyActiveProfile: name=Profile 1 path=C:\Users\ilyas\eclipse-workspace\.metadata\.plugins\org.eclipse.swt\EBWebView\Default lastActive=2026-09-17T19:31:47.029Z
2026-09-17 19:41:02.602: [INFO] OnDoneLoading sync enabled: 0
2026-09-17 19:41:02.602: [INFO] BookmarkModelLoaded, ids_reassigned: 0
2026-09-17 19:41:02.602: [INFO] BookmarksLoadDropped droppedNodes=0
2026-09-17 19:41:02.602: [INFO] BookmarksSnapshot Startup total=0 bar=0 other=0 mobile=0 showBar=0 showBarNTP=1
2026-09-17 19:41:06.295: [INFO] BookmarksSnapshot Shutdown total=0 bar=0 other=0 mobile=0 showBar=0 showBarNTP=1
2026-09-17 19:52:14.837: [INFO] CurrentProfilePath: C:\Users\ilyas\eclipse-workspace\.metadata\.plugins\org.eclipse.swt\EBWebView\Default
2026-09-17 19:52:14.837: [INFO] Profiles total count: 1
2026-09-17 19:52:14.837: [INFO] Profile: name=Profile 1 path=C:\Users\ilyas\eclipse-workspace\.metadata\.plugins\org.eclipse.swt\EBWebView\Default lastActive=2026-09-17T19:41:04.488Z
2026-09-17 19:52:14.837: [INFO] LastUsedProfileDir: C:\Users\ilyas\eclipse-workspace\.metadata\.plugins\org.eclipse.swt\EBWebView\Default
2026-09-17 19:52:14.837: [INFO] MostRecentlyActiveProfile: name=Profile 1 path=C:\Users\ilyas\eclipse-workspace\.metadata\.plugins\org.eclipse.swt\EBWebView\Default lastActive=2026-09-17T19:41:04.488Z
2026-09-17 19:52:14.837: [INFO] OnDoneLoading sync enabled: 0
2026-09-17 19:52:14.837: [INFO] BookmarkModelLoaded, ids_reassigned: 0
2026-09-17 19:52:14.837: [INFO] BookmarksLoadDropped droppedNodes=0
2026-09-17 19:52:14.837: [INFO] BookmarksSnapshot Startup total=0 bar=0 other=0 mobile=0 showBar=0 showBarNTP=1
2026-09-17 19:53:28.043: [INFO] BookmarksSnapshot Shutdown total=0 bar=0 other=0 mobile=0 showBar=0 showBarNTP=1
2026-09-18 02:07:14.268: [INFO] CurrentProfilePath: C:\Users\ilyas\eclipse-workspace\.metadata\.plugins\org.eclipse.swt\EBWebView\Default
2026-09-18 02:07:14.268: [INFO] Profiles total count: 1
2026-09-18 02:07:14.268: [INFO] Profile: name=Profile 1 path=C:\Users\ilyas\eclipse-workspace\.metadata\.plugins\org.eclipse.swt\EBWebView\Default lastActive=2026-09-17T19:41:04.488Z
2026-09-18 02:07:14.268: [INFO] LastUsedProfileDir: C:\Users\ilyas\eclipse-workspace\.metadata\.plugins\org.eclipse.swt\EBWebView\Default
2026-09-18 02:07:14.268: [INFO] MostRecentlyActiveProfile: name=Profile 1 path=C:\Users\ilyas\eclipse-workspace\.metadata\.plugins\org.eclipse.swt\EBWebView\Default lastActive=2026-09-17T19:41:04.488Z
2026-09-18 02:07:14.268: [INFO] OnDoneLoading sync enabled: 0
2026-09-18 02:07:14.268: [INFO] BookmarkModelLoaded, ids_reassigned: 0
2026-09-18 02:07:14.268: [INFO] BookmarksLoadDropped droppedNodes=0
2026-09-18 02:07:14.268: [INFO] BookmarksSnapshot Startup total=0 bar=0 other=0 mobile=0 showBar=0 showBarNTP=1
2026-09-18 02:08:14.451: [INFO] BookmarksSnapshot Shutdown total=0 bar=0 other=0 mobile=0 showBar=0 showBarNTP=1
2026-09-18 02:33:23.479: [INFO] CurrentProfilePath: C:\Users\ilyas\eclipse-workspace\.metadata\.plugins\org.eclipse.swt\EBWebView\Default
2026-09-18 02:33:23.479: [INFO] Profiles total count: 1
2026-09-18 02:33:23.479: [INFO] Profile: name=Profile 1 path=C:\Users\ilyas\eclipse-workspace\.metadata\.plugins\org.eclipse.swt\EBWebView\Default lastActive=2026-09-17T19:41:04.488Z
2026-09-18 02:33:23.479: [INFO] LastUsedProfileDir: C:\Users\ilyas\eclipse-workspace\.metadata\.plugins\org.eclipse.swt\EBWebView\Default
2026-09-18 02:33:23.479: [INFO] MostRecentlyActiveProfile: name=Profile 1 path=C:\Users\ilyas\eclipse-workspace\.metadata\.plugins\org.eclipse.swt\EBWebView\Default lastActive=2026-09-17T19:41:04.488Z
2026-09-18 02:33:23.479: [INFO] OnDoneLoading sync enabled: 0
2026-09-18 02:33:23.479: [INFO] BookmarkModelLoaded, ids_reassigned: 0
2026-09-18 02:33:23.479: [INFO] BookmarksLoadDropped droppedNodes=0
2026-09-18 02:33:23.479: [INFO] BookmarksSnapshot Startup total=0 bar=0 other=0 mobile=0 showBar=0 showBarNTP=1
2026-09-18 04:43:54.694: [INFO] BookmarksSnapshot Shutdown total=0 bar=0 other=0 mobile=0 showBar=0 showBarNTP=1
